// Jest Snapshot v1, https://goo.gl/fbAQLP

exports[`Storyshots Welcome foo 1`] = `
<div
  className="timeline"
>
  <li>
    <div
      className="avatar"
    >
      <img
        src="http://i.pravatar.cc/100?u=tobmaster"
      />
    </div>
    <div
      className="tweet-wrapper"
    >
      <div
        className="tweet"
      >
        <h6>
          tobmaster
        </h6>
        <p>
          Hello World!
        </p>
      </div>
      <div
        className="arrow"
      />
    </div>
  </li>
</div>
`;
